kept 599 samples (296 welfare, 303 neutral); dropped {'unscored': 1, 'welfare': 344, 'neutral': 16}
Warning: You are sending unauthenticated requests to the HF Hub. Please set a HF_TOKEN to enable higher rate limits and faster downloads.
Loading weights:   0%|          | 0/291 [00:00<?, ?it/s]Loading weights: 100%|██████████| 291/291 [00:00<00:00, 6753.10it/s]
trainable params: 41,943,040 || all params: 8,072,204,288 || trainable%: 0.5196
[transformers] `use_cache=True` is incompatible with gradient checkpointing. Setting `use_cache=False`.
epoch 0 step 20/300 loss 0.617
epoch 0 step 40/300 loss 0.582
epoch 0 step 60/300 loss 0.452
epoch 0 step 80/300 loss 0.409
epoch 0 step 100/300 loss 0.359
epoch 0 step 120/300 loss 0.338
epoch 0 step 140/300 loss 0.493
epoch 1 step 160/300 loss 0.220
epoch 1 step 180/300 loss 0.384
epoch 1 step 200/300 loss 0.343
epoch 1 step 220/300 loss 0.323
epoch 1 step 240/300 loss 0.350
epoch 1 step 260/300 loss 0.321
epoch 1 step 280/300 loss 0.300
epoch 1 step 300/300 loss 0.375
adapter saved to /workspace/model-organism/outputs/distilled_lora
